0 verbose cli C:\Program Files\nodejs\node.exe C:\Program Files\nodejs\node_modules\npm\bin\npm-cli.js
1 info using npm@11.11.0
2 info using node@v24.14.1
3 silly config load:file:C:\Program Files\nodejs\node_modules\npm\npmrc
4 silly config load:file:C:\Users\user1\Desktop\nsobanuza prototype 3\.npmrc
5 silly config load:file:C:\Users\user1\.npmrc
6 silly config load:file:C:\Users\user1\AppData\Roaming\npm\etc\npmrc
7 verbose title npm exec localtunnel --port 5000
8 verbose argv "exec" "--yes" "--cache" ".npm-cache" "--" "localtunnel" "--port" "5000"
9 verbose logfile logs-max:10 dir:C:\Users\user1\Desktop\nsobanuza prototype 3\.npm-cache\_logs\2026-04-14T11_41_20_047Z-
10 verbose logfile C:\Users\user1\Desktop\nsobanuza prototype 3\.npm-cache\_logs\2026-04-14T11_41_20_047Z-debug-0.log
11 silly logfile done cleaning log files
12 silly packumentCache heap:2348810240 maxSize:587202560 maxEntrySize:293601280
13 verbose shrinkwrap failed to load node_modules/.package-lock.json out of date, updated: backend
14 http fetch GET 200 https://registry.npmjs.org/localtunnel 797ms (cache miss)
15 silly packumentCache heap:2348810240 maxSize:587202560 maxEntrySize:293601280
16 silly packumentCache heap:2348810240 maxSize:587202560 maxEntrySize:293601280
17 silly idealTree buildDeps
18 silly fetch manifest localtunnel@2.0.2
19 silly packumentCache full:https://registry.npmjs.org/localtunnel cache-miss
20 http fetch GET 200 https://registry.npmjs.org/localtunnel 388ms (cache miss)
21 silly packumentCache full:https://registry.npmjs.org/localtunnel set size:undefined disposed:false
22 silly placeDep ROOT localtunnel@2.0.2 OK for:  want: 2.0.2
23 silly fetch manifest axios@0.21.4
24 silly packumentCache full:https://registry.npmjs.org/axios cache-miss
25 silly fetch manifest debug@4.3.2
26 silly packumentCache full:https://registry.npmjs.org/debug cache-miss
27 silly fetch manifest openurl@1.1.1
28 silly packumentCache full:https://registry.npmjs.org/openurl cache-miss
29 silly fetch manifest yargs@17.1.1
30 silly packumentCache full:https://registry.npmjs.org/yargs cache-miss
31 http fetch GET 200 https://registry.npmjs.org/debug 163ms (cache miss)
32 silly packumentCache full:https://registry.npmjs.org/debug set size:undefined disposed:false
33 http fetch GET 200 https://registry.npmjs.org/npm 2055ms
34 http fetch GET 200 https://registry.npmjs.org/openurl 976ms (cache miss)
35 silly packumentCache full:https://registry.npmjs.org/openurl set size:undefined disposed:false
36 http fetch GET 200 https://registry.npmjs.org/yargs 1269ms (cache miss)
37 silly packumentCache full:https://registry.npmjs.org/yargs set size:undefined disposed:false
38 http fetch GET 200 https://registry.npmjs.org/axios 1511ms (cache miss)
39 silly packumentCache full:https://registry.npmjs.org/axios set size:undefined disposed:false
40 silly placeDep ROOT axios@0.21.4 OK for: localtunnel@2.0.2 want: 0.21.4
41 silly placeDep ROOT debug@4.3.2 OK for: localtunnel@2.0.2 want: 4.3.2
42 silly placeDep ROOT openurl@1.1.1 OK for: localtunnel@2.0.2 want: 1.1.1
43 silly placeDep ROOT yargs@17.1.1 OK for: localtunnel@2.0.2 want: 17.1.1
44 silly fetch manifest follow-redirects@^1.14.0
45 silly packumentCache full:https://registry.npmjs.org/follow-redirects cache-miss
46 silly fetch manifest ms@2.1.2
47 silly packumentCache full:https://registry.npmjs.org/ms cache-miss
48 silly fetch manifest y18n@^5.0.5
49 silly packumentCache full:https://registry.npmjs.org/y18n cache-miss
50 silly fetch manifest cliui@^7.0.2
51 silly packumentCache full:https://registry.npmjs.org/cliui cache-miss
52 silly fetch manifest escalade@^3.1.1
53 silly packumentCache full:https://registry.npmjs.org/escalade cache-miss
54 silly fetch manifest string-width@^4.2.0
55 silly packumentCache full:https://registry.npmjs.org/string-width cache-miss
56 silly fetch manifest yargs-parser@^20.2.2
57 silly packumentCache full:https://registry.npmjs.org/yargs-parser cache-miss
58 http fetch GET 200 https://registry.npmjs.org/escalade 224ms (cache miss)
59 silly packumentCache full:https://registry.npmjs.org/escalade set size:undefined disposed:false
60 silly fetch manifest get-caller-file@^2.0.5
61 silly packumentCache full:https://registry.npmjs.org/get-caller-file cache-miss
62 http fetch GET 200 https://registry.npmjs.org/cliui 295ms (cache miss)
63 silly packumentCache full:https://registry.npmjs.org/cliui set size:undefined disposed:false
64 silly fetch manifest require-directory@^2.1.1
65 silly packumentCache full:https://registry.npmjs.org/require-directory cache-miss
66 http fetch GET 200 https://registry.npmjs.org/ms 301ms (cache miss)
67 silly packumentCache full:https://registry.npmjs.org/ms set size:undefined disposed:false
68 http fetch GET 200 https://registry.npmjs.org/y18n 306ms (cache miss)
69 silly packumentCache full:https://registry.npmjs.org/y18n set size:undefined disposed:false
70 http fetch GET 200 https://registry.npmjs.org/follow-redirects 462ms (cache miss)
71 silly packumentCache full:https://registry.npmjs.org/follow-redirects set size:undefined disposed:false
72 http fetch GET 200 https://registry.npmjs.org/get-caller-file 295ms (cache miss)
73 silly packumentCache full:https://registry.npmjs.org/get-caller-file set size:undefined disposed:false
74 http fetch GET 200 https://registry.npmjs.org/require-directory 242ms (cache miss)
75 silly packumentCache full:https://registry.npmjs.org/require-directory set size:undefined disposed:false
76 http fetch GET 200 https://registry.npmjs.org/yargs-parser 940ms (cache miss)
77 silly packumentCache full:https://registry.npmjs.org/yargs-parser set size:undefined disposed:false
78 http fetch GET 200 https://registry.npmjs.org/string-width 1737ms (cache miss)
79 silly packumentCache full:https://registry.npmjs.org/string-width set size:undefined disposed:false
80 silly placeDep ROOT follow-redirects@1.16.0 OK for: axios@0.21.4 want: ^1.14.0
81 silly placeDep ROOT ms@2.1.2 OK for: debug@4.3.2 want: 2.1.2
82 silly placeDep ROOT cliui@7.0.4 OK for: yargs@17.1.1 want: ^7.0.2
83 silly placeDep ROOT escalade@3.2.0 OK for: yargs@17.1.1 want: ^3.1.1
84 silly placeDep ROOT get-caller-file@2.0.5 OK for: yargs@17.1.1 want: ^2.0.5
85 silly placeDep ROOT require-directory@2.1.1 OK for: yargs@17.1.1 want: ^2.1.1
86 silly placeDep ROOT string-width@4.2.3 OK for: yargs@17.1.1 want: ^4.2.0
87 silly placeDep ROOT y18n@5.0.8 OK for: yargs@17.1.1 want: ^5.0.5
88 silly placeDep ROOT yargs-parser@20.2.9 OK for: yargs@17.1.1 want: ^20.2.2
89 silly fetch manifest wrap-ansi@^7.0.0
90 silly packumentCache full:https://registry.npmjs.org/wrap-ansi cache-miss
91 silly fetch manifest strip-ansi@^6.0.0
92 silly packumentCache full:https://registry.npmjs.org/strip-ansi cache-miss
93 silly fetch manifest strip-ansi@^6.0.1
94 silly packumentCache full:https://registry.npmjs.org/strip-ansi cache-miss
95 silly fetch manifest emoji-regex@^8.0.0
96 silly packumentCache full:https://registry.npmjs.org/emoji-regex cache-miss
97 silly fetch manifest is-fullwidth-code-point@^3.0.0
98 silly packumentCache full:https://registry.npmjs.org/is-fullwidth-code-point cache-miss
99 http fetch GET 200 https://registry.npmjs.org/strip-ansi 153ms (cache miss)
100 silly packumentCache full:https://registry.npmjs.org/strip-ansi set size:undefined disposed:false
101 http fetch GET 200 https://registry.npmjs.org/emoji-regex 208ms (cache miss)
102 silly packumentCache full:https://registry.npmjs.org/emoji-regex set size:undefined disposed:false
103 http fetch GET 200 https://registry.npmjs.org/strip-ansi 273ms (cache miss)
104 silly packumentCache full:https://registry.npmjs.org/strip-ansi set size:undefined disposed:false
105 http fetch GET 200 https://registry.npmjs.org/is-fullwidth-code-point 279ms (cache miss)
106 silly packumentCache full:https://registry.npmjs.org/is-fullwidth-code-point set size:undefined disposed:false
107 http fetch GET 200 https://registry.npmjs.org/wrap-ansi 287ms (cache miss)
108 silly packumentCache full:https://registry.npmjs.org/wrap-ansi set size:undefined disposed:false
109 silly placeDep ROOT strip-ansi@6.0.1 OK for: cliui@7.0.4 want: ^6.0.0
110 silly placeDep ROOT wrap-ansi@7.0.0 OK for: cliui@7.0.4 want: ^7.0.0
111 silly fetch manifest ansi-regex@^5.0.1
112 silly packumentCache full:https://registry.npmjs.org/ansi-regex cache-miss
113 silly fetch manifest ansi-styles@^4.0.0
114 silly packumentCache full:https://registry.npmjs.org/ansi-styles cache-miss
115 http fetch GET 200 https://registry.npmjs.org/ansi-regex 454ms (cache miss)
116 silly packumentCache full:https://registry.npmjs.org/ansi-regex set size:undefined disposed:false
117 http fetch GET 200 https://registry.npmjs.org/ansi-styles 472ms (cache miss)
118 silly packumentCache full:https://registry.npmjs.org/ansi-styles set size:undefined disposed:false
119 silly placeDep ROOT emoji-regex@8.0.0 OK for: string-width@4.2.3 want: ^8.0.0
120 silly placeDep ROOT is-fullwidth-code-point@3.0.0 OK for: string-width@4.2.3 want: ^3.0.0
121 silly placeDep ROOT ansi-regex@5.0.1 OK for: strip-ansi@6.0.1 want: ^5.0.1
122 silly placeDep ROOT ansi-styles@4.3.0 OK for: wrap-ansi@7.0.0 want: ^4.0.0
123 silly fetch manifest color-convert@^2.0.1
124 silly packumentCache full:https://registry.npmjs.org/color-convert cache-miss
125 http fetch GET 200 https://registry.npmjs.org/color-convert 449ms (cache miss)
126 silly packumentCache full:https://registry.npmjs.org/color-convert set size:undefined disposed:false
127 silly placeDep ROOT color-convert@2.0.1 OK for: ansi-styles@4.3.0 want: ^2.0.1
128 silly fetch manifest color-name@~1.1.4
129 silly packumentCache full:https://registry.npmjs.org/color-name cache-miss
130 http fetch GET 200 https://registry.npmjs.org/color-name 135ms (cache miss)
131 silly packumentCache full:https://registry.npmjs.org/color-name set size:undefined disposed:false
132 silly placeDep ROOT color-name@1.1.4 OK for: color-convert@2.0.1 want: ~1.1.4
133 silly reify moves {}
134 silly audit bulk request {
134 silly audit   localtunnel: [ '2.0.2' ],
134 silly audit   axios: [ '0.21.4' ],
134 silly audit   debug: [ '4.3.2' ],
134 silly audit   openurl: [ '1.1.1' ],
134 silly audit   yargs: [ '17.1.1' ],
134 silly audit   'follow-redirects': [ '1.16.0' ],
134 silly audit   ms: [ '2.1.2' ],
134 silly audit   cliui: [ '7.0.4' ],
134 silly audit   escalade: [ '3.2.0' ],
134 silly audit   'get-caller-file': [ '2.0.5' ],
134 silly audit   'require-directory': [ '2.1.1' ],
134 silly audit   'string-width': [ '4.2.3' ],
134 silly audit   y18n: [ '5.0.8' ],
134 silly audit   'yargs-parser': [ '20.2.9' ],
134 silly audit   'strip-ansi': [ '6.0.1' ],
134 silly audit   'wrap-ansi': [ '7.0.0' ],
134 silly audit   'emoji-regex': [ '8.0.0' ],
134 silly audit   'is-fullwidth-code-point': [ '3.0.0' ],
134 silly audit   'ansi-regex': [ '5.0.1' ],
134 silly audit   'ansi-styles': [ '4.3.0' ],
134 silly audit   'color-convert': [ '2.0.1' ],
134 silly audit   'color-name': [ '1.1.4' ]
134 silly audit }
135 http cache ansi-styles@https://registry.npmjs.org/ansi-styles/-/ansi-styles-4.3.0.tgz 0ms (cache hit)
136 http cache ansi-regex@https://registry.npmjs.org/ansi-regex/-/ansi-regex-5.0.1.tgz 0ms (cache hit)
137 http cache color-name@https://registry.npmjs.org/color-name/-/color-name-1.1.4.tgz 0ms (cache hit)
138 http cache color-convert@https://registry.npmjs.org/color-convert/-/color-convert-2.0.1.tgz 0ms (cache hit)
139 http cache is-fullwidth-code-point@https://registry.npmjs.org/is-fullwidth-code-point/-/is-fullwidth-code-point-3.0.0.tgz 0ms (cache hit)
140 http cache emoji-regex@https://registry.npmjs.org/emoji-regex/-/emoji-regex-8.0.0.tgz 0ms (cache hit)
141 http cache wrap-ansi@https://registry.npmjs.org/wrap-ansi/-/wrap-ansi-7.0.0.tgz 0ms (cache hit)
142 http cache y18n@https://registry.npmjs.org/y18n/-/y18n-5.0.8.tgz 0ms (cache hit)
143 http cache strip-ansi@https://registry.npmjs.org/strip-ansi/-/strip-ansi-6.0.1.tgz 0ms (cache hit)
144 http cache yargs-parser@https://registry.npmjs.org/yargs-parser/-/yargs-parser-20.2.9.tgz 0ms (cache hit)
145 http cache escalade@https://registry.npmjs.org/escalade/-/escalade-3.2.0.tgz 0ms (cache hit)
146 http cache cliui@https://registry.npmjs.org/cliui/-/cliui-7.0.4.tgz 0ms (cache hit)
147 http cache string-width@https://registry.npmjs.org/string-width/-/string-width-4.2.3.tgz 0ms (cache hit)
148 http cache ms@https://registry.npmjs.org/ms/-/ms-2.1.2.tgz 0ms (cache hit)
149 http cache get-caller-file@https://registry.npmjs.org/get-caller-file/-/get-caller-file-2.0.5.tgz 0ms (cache hit)
150 http cache yargs@https://registry.npmjs.org/yargs/-/yargs-17.1.1.tgz 0ms (cache hit)
151 http cache debug@https://registry.npmjs.org/debug/-/debug-4.3.2.tgz 0ms (cache hit)
152 http cache follow-redirects@https://registry.npmjs.org/follow-redirects/-/follow-redirects-1.16.0.tgz 0ms (cache hit)
153 http cache openurl@https://registry.npmjs.org/openurl/-/openurl-1.1.1.tgz 0ms (cache hit)
154 http cache require-directory@https://registry.npmjs.org/require-directory/-/require-directory-2.1.1.tgz 0ms (cache hit)
155 silly tarball no local data for ansi-styles@https://registry.npmjs.org/ansi-styles/-/ansi-styles-4.3.0.tgz. Extracting by manifest.
156 silly tarball no local data for ansi-regex@https://registry.npmjs.org/ansi-regex/-/ansi-regex-5.0.1.tgz. Extracting by manifest.
157 silly tarball no local data for color-name@https://registry.npmjs.org/color-name/-/color-name-1.1.4.tgz. Extracting by manifest.
158 silly tarball no local data for color-convert@https://registry.npmjs.org/color-convert/-/color-convert-2.0.1.tgz. Extracting by manifest.
159 http cache axios@https://registry.npmjs.org/axios/-/axios-0.21.4.tgz 0ms (cache hit)
160 silly tarball no local data for is-fullwidth-code-point@https://registry.npmjs.org/is-fullwidth-code-point/-/is-fullwidth-code-point-3.0.0.tgz. Extracting by manifest.
161 silly tarball no local data for emoji-regex@https://registry.npmjs.org/emoji-regex/-/emoji-regex-8.0.0.tgz. Extracting by manifest.
162 silly tarball no local data for wrap-ansi@https://registry.npmjs.org/wrap-ansi/-/wrap-ansi-7.0.0.tgz. Extracting by manifest.
163 silly tarball no local data for y18n@https://registry.npmjs.org/y18n/-/y18n-5.0.8.tgz. Extracting by manifest.
164 silly tarball no local data for strip-ansi@https://registry.npmjs.org/strip-ansi/-/strip-ansi-6.0.1.tgz. Extracting by manifest.
165 http cache localtunnel@https://registry.npmjs.org/localtunnel/-/localtunnel-2.0.2.tgz 0ms (cache hit)
166 silly tarball no local data for yargs-parser@https://registry.npmjs.org/yargs-parser/-/yargs-parser-20.2.9.tgz. Extracting by manifest.
167 silly tarball no local data for escalade@https://registry.npmjs.org/escalade/-/escalade-3.2.0.tgz. Extracting by manifest.
168 silly tarball no local data for cliui@https://registry.npmjs.org/cliui/-/cliui-7.0.4.tgz. Extracting by manifest.
169 silly tarball no local data for string-width@https://registry.npmjs.org/string-width/-/string-width-4.2.3.tgz. Extracting by manifest.
170 silly tarball no local data for ms@https://registry.npmjs.org/ms/-/ms-2.1.2.tgz. Extracting by manifest.
171 silly tarball no local data for get-caller-file@https://registry.npmjs.org/get-caller-file/-/get-caller-file-2.0.5.tgz. Extracting by manifest.
172 silly tarball no local data for yargs@https://registry.npmjs.org/yargs/-/yargs-17.1.1.tgz. Extracting by manifest.
173 silly tarball no local data for debug@https://registry.npmjs.org/debug/-/debug-4.3.2.tgz. Extracting by manifest.
174 silly tarball no local data for follow-redirects@https://registry.npmjs.org/follow-redirects/-/follow-redirects-1.16.0.tgz. Extracting by manifest.
175 silly tarball no local data for openurl@https://registry.npmjs.org/openurl/-/openurl-1.1.1.tgz. Extracting by manifest.
176 silly tarball no local data for require-directory@https://registry.npmjs.org/require-directory/-/require-directory-2.1.1.tgz. Extracting by manifest.
177 silly tarball no local data for axios@https://registry.npmjs.org/axios/-/axios-0.21.4.tgz. Extracting by manifest.
178 silly tarball no local data for localtunnel@https://registry.npmjs.org/localtunnel/-/localtunnel-2.0.2.tgz. Extracting by manifest.
179 http fetch GET 200 https://registry.npmjs.org/is-fullwidth-code-point/-/is-fullwidth-code-point-3.0.0.tgz 175ms (cache miss)
180 http fetch GET 200 https://registry.npmjs.org/emoji-regex/-/emoji-regex-8.0.0.tgz 183ms (cache miss)
181 http fetch GET 200 https://registry.npmjs.org/color-name/-/color-name-1.1.4.tgz 258ms (cache miss)
182 http fetch GET 200 https://registry.npmjs.org/ansi-styles/-/ansi-styles-4.3.0.tgz 261ms (cache miss)
183 http fetch GET 200 https://registry.npmjs.org/ansi-regex/-/ansi-regex-5.0.1.tgz 261ms (cache miss)
184 http fetch GET 200 https://registry.npmjs.org/color-convert/-/color-convert-2.0.1.tgz 285ms (cache miss)
185 http fetch GET 200 https://registry.npmjs.org/get-caller-file/-/get-caller-file-2.0.5.tgz 298ms (cache miss)
186 http fetch POST 200 https://registry.npmjs.org/-/npm/v1/security/advisories/bulk 404ms
187 silly audit report {
187 silly audit report   axios: [
187 silly audit report     {
187 silly audit report       id: 1111034,
187 silly audit report       url: 'https://github.com/advisories/GHSA-jr5f-v2jv-69x6',
187 silly audit report       title: 'axios Requests Vulnerable To Possible SSRF and Credential Leakage via Absolute URL',
187 silly audit report       severity: 'high',
187 silly audit report       vulnerable_versions: '<0.30.0',
187 silly audit report       cwe: [Array],
187 silly audit report       cvss: [Object]
187 silly audit report     },
187 silly audit report     {
187 silly audit report       id: 1113274,
187 silly audit report       url: 'https://github.com/advisories/GHSA-43fc-jf86-j433',
187 silly audit report       title: 'Axios is Vulnerable to Denial of Service via __proto__ Key in mergeConfig',
187 silly audit report       severity: 'high',
187 silly audit report       vulnerable_versions: '<=0.30.2',
187 silly audit report       cwe: [Array],
187 silly audit report       cvss: [Object]
187 silly audit report     },
187 silly audit report     {
187 silly audit report       id: 1116365,
187 silly audit report       url: 'https://github.com/advisories/GHSA-3p68-rc4w-qgx5',
187 silly audit report       title: 'Axios has a NO_PROXY Hostname Normalization Bypass Leads to SSRF',
187 silly audit report       severity: 'critical',
187 silly audit report       vulnerable_versions: '<1.15.0',
187 silly audit report       cwe: [Array],
187 silly audit report       cvss: [Object]
187 silly audit report     },
187 silly audit report     {
187 silly audit report       id: 1116473,
187 silly audit report       url: 'https://github.com/advisories/GHSA-fvcv-3m26-pcqx',
187 silly audit report       title: 'Axios has Unrestricted Cloud Metadata Exfiltration via Header Injection Chain',
187 silly audit report       severity: 'critical',
187 silly audit report       vulnerable_versions: '<1.15.0',
187 silly audit report       cwe: [Array],
187 silly audit report       cvss: [Object]
187 silly audit report     },
187 silly audit report     {
187 silly audit report       id: 1097679,
187 silly audit report       url: 'https://github.com/advisories/GHSA-wf5p-g6vw-rhxx',
187 silly audit report       title: 'Axios Cross-Site Request Forgery Vulnerability',
187 silly audit report       severity: 'moderate',
187 silly audit report       vulnerable_versions: '>=0.8.1 <0.28.0',
187 silly audit report       cwe: [Array],
187 silly audit report       cvss: [Object]
187 silly audit report     }
187 silly audit report   ]
187 silly audit report }
188 silly packumentCache corgi:https://registry.npmjs.org/axios cache-miss
189 http fetch GET 200 https://registry.npmjs.org/yargs/-/yargs-17.1.1.tgz 447ms (cache miss)
190 http fetch GET 200 https://registry.npmjs.org/localtunnel/-/localtunnel-2.0.2.tgz 557ms (cache miss)
191 http fetch GET 200 https://registry.npmjs.org/debug/-/debug-4.3.2.tgz 628ms (cache miss)
192 http fetch GET 200 https://registry.npmjs.org/openurl/-/openurl-1.1.1.tgz 679ms (cache miss)
193 http fetch GET 200 https://registry.npmjs.org/require-directory/-/require-directory-2.1.1.tgz 680ms (cache miss)
194 http fetch GET 200 https://registry.npmjs.org/axios/-/axios-0.21.4.tgz 691ms (cache miss)
195 http fetch GET 200 https://registry.npmjs.org/follow-redirects/-/follow-redirects-1.16.0.tgz 857ms (cache miss)
196 http fetch GET 200 https://registry.npmjs.org/axios 604ms (cache miss)
197 silly packumentCache corgi:https://registry.npmjs.org/axios set size:undefined disposed:false
198 silly packumentCache corgi:https://registry.npmjs.org/localtunnel cache-miss
199 http cache https://registry.npmjs.org/localtunnel 16ms (cache hit)
200 silly packumentCache corgi:https://registry.npmjs.org/localtunnel set size:25176 disposed:false
201 http fetch GET 200 https://registry.npmjs.org/string-width/-/string-width-4.2.3.tgz 1088ms (cache miss)
202 http fetch GET 200 https://registry.npmjs.org/y18n/-/y18n-5.0.8.tgz 1096ms (cache miss)
203 http fetch GET 200 https://registry.npmjs.org/strip-ansi/-/strip-ansi-6.0.1.tgz 1100ms (cache miss)
204 http fetch GET 200 https://registry.npmjs.org/cliui/-/cliui-7.0.4.tgz 1099ms (cache miss)
205 http fetch GET 200 https://registry.npmjs.org/escalade/-/escalade-3.2.0.tgz 1136ms (cache miss)
206 http fetch GET 200 https://registry.npmjs.org/wrap-ansi/-/wrap-ansi-7.0.0.tgz 1164ms (cache miss)
207 http fetch GET 200 https://registry.npmjs.org/yargs-parser/-/yargs-parser-20.2.9.tgz 1294ms (cache miss)
208 http fetch GET 200 https://registry.npmjs.org/ms/-/ms-2.1.2.tgz 1362ms (cache miss)
